[Licensing::Module] Trying to connect to existing licensing client channel...
[Licensing::IpcConnector] Successfully connected to: "LicenseClient-Duncan Joseph" at "2026-10-06T08:32:26.4321823Z"
Built from '6000.6/respin/6000.6.0f1-fa21a270ab12' branch; Version is '6000.6.0f1 (f7f8ed4d1e24) revision 16251117'; Using compiler version '194234433'; Build Type 'Release'
OS: 'Windows 11  (10.0.26200) CoreSingleLanguage' Language: 'en' Physical Memory: 15688 MB
BatchMode: 1, IsHumanControllingUs: 0, StartBugReporterOnCrash: 0, Is64bit: 1
System  architecture: x64
Process architecture: x64
Date: 2026-10-06T08:32:26Z
[Licensing::Client] Code 10 while verifying Licensing Client signature (process Id: 49996, path: "C:/Program Files/Unity Hub/UnityLicensingClient_V1/Unity.Licensing.Client.exe")
[Licensing::Module] LicensingClient has failed validation; ignoring
[Licensing::Client] Handshaking with LicensingClient:
  Version:                 1.18.3+d7ffd15
  Session Id:              886ea133f7c94c2d9e7ebde3518f5860
  Correlation Id:          3b74fd2ddb4590a39afcfa43b57769c8
  External correlation Id: 372607589581474569
  Machine Id:              wHDpsUEVYpl4kxgehWEkM/qA1F0=
[Licensing::Module] Successfully connected to LicensingClient on channel: "LicenseClient-Duncan Joseph" (connect: 0.00s, validation: 0.00s, handshake: 0.16s)
[Licensing::IpcConnector] Successfully connected to: "LicenseClient-Duncan Joseph-notifications" at "2026-10-06T08:32:26.5952666Z"
[Licensing::Module] Licensing Background thread has ended after 0.17s

COMMAND LINE ARGUMENTS:
C:\Program Files\Unity\Hub\Editor\6000.6.0f1\Editor\Unity.exe
-adb2
-batchMode
-noUpm
-name
AssetImportWorkerHW0
-projectPath
C:/Users/Duncan Joseph/Laser Room
-logFile
Logs/AssetImportWorkerHW0.log
-srvPort
52904
-parentPid
4492
-analyticsCloudUserId
anonymous
-analyticsCloudProjectId
e5d3e204-cd96-4438-a1a4-e05c63c78158
-analyticsLocalProjectId
0241b67465298af44a13ddff37755502
-editorAnalyticsEnabled
1
-cbmEditorLicense
67205a191ee1b3768652d14fe9a7cf074a72cf21
-cbmMachineId
wHDpsUEVYpl4kxgehWEkM/qA1F0=
-licensingIpc
LicenseClient-Duncan Joseph
-noDiagnosticSwitchPersistentStore
-job-worker-count
5
-background-job-worker-count
8
-asset-garbage-collectors
1
-force-d3d12
-name
AssetImport
Successfully changed project path to: C:/Users/Duncan Joseph/Laser Room
C:/Users/Duncan Joseph/Laser Room
[UnityMemory] Configuration Parameters - Can be set up in boot.config
    "memorysetup-temp-allocator-size-gi-baking-worker=262144"
    "memorysetup-temp-allocator-size-gi-baking-worker=262144"
    "memorysetup-temp-allocator-size-gi-baking-worker=262144"
    "memorysetup-temp-allocator-size-gi-baking-worker=262144"
    "memorysetup-temp-allocator-size-gi-baking-worker=262144"
    "memorysetup-temp-allocator-size-nav-mesh-worker=65536"
    "memorysetup-temp-allocator-size-audio-worker=65536"
    "memorysetup-temp-allocator-size-cloud-worker=32768"
    "memorysetup-temp-allocator-size-gfx=262144"
    "memorysetup-remapper-allocator-initial-capacity=32768"
    "memorysetup-temp-allocator-size-preload-manager=33554432"
    "memorysetup-allocator-temp-initial-block-size-main=262144"
    "memorysetup-allocator-temp-initial-block-size-worker=262144"
    "memorysetup-temp-allocator-size-job-worker=262144"
    "memorysetup-temp-allocator-size-background-worker=32768"
    "memorysetup-bucket-allocator-granularity=16"
    "memorysetup-bucket-allocator-bucket-count=8"
    "memorysetup-bucket-allocator-block-size=33554432"
    "memorysetup-bucket-allocator-block-count=8"
    "memorysetup-main-allocator-block-size=16777216"
    "memorysetup-thread-allocator-block-size=16777216"
    "memorysetup-main-allocator-mimalloc-enabled=1"
    "memorysetup-gfx-main-allocator-block-size=16777216"
    "memorysetup-gfx-thread-allocator-block-size=16777216"
    "memorysetup-cache-allocator-block-size=4194304"
    "memorysetup-typetree-allocator-block-size=2097152"
    "memorysetup-profiler-bucket-allocator-granularity=16"
    "memorysetup-profiler-bucket-allocator-bucket-count=8"
    "memorysetup-profiler-bucket-allocator-block-size=33554432"
    "memorysetup-profiler-bucket-allocator-block-count=8"
    "memorysetup-profiler-allocator-block-size=16777216"
    "memorysetup-profiler-editor-allocator-block-size=1048576"
    "memorysetup-temp-allocator-size-main=16777216"
    "memorysetup-job-temp-allocator-block-size=2097152"
    "memorysetup-job-temp-allocator-block-size-background=1048576"
    "memorysetup-job-temp-allocator-reduction-small-platforms=262144"
Player connection [27220]  Target information:

Player connection [27220]  * "[IP] 192.168.68.106 [Port] 0 [Flags] 2 [Guid] 4276279989 [EditorId] 4276279989 [Version] 1048832 [Id] WindowsEditor(7,LAPTOP-9MJL6R2V) [Debug] 1 [PackageName] WindowsEditor [ProjectName] Editor" 

Player connection [27220]  * "[IP] 192.168.68.101 [Port] 0 [Flags] 2 [Guid] 4276279989 [EditorId] 4276279989 [Version] 1048832 [Id] WindowsEditor(7,LAPTOP-9MJL6R2V) [Debug] 1 [PackageName] WindowsEditor [ProjectName] Editor" 

Player connection [27220] Host joined multi-casting on [225.0.0.222:54997]...
Player connection [27220] Host joined alternative multi-casting on [225.0.0.222:34997]...
JobSystem: Creating JobQueue using job-worker-count value 5
Input System module state changed to: Initialized.
[Physics::Module] Initialized fallback backend.
[Physics::Module] Id: 0xdecafbad
Library Redirect Path: Library/
Initialising UDS system complete:
  - System type: Client
  - Resource namespace: 155005c7db7aaa9146ff746075cd37f7
  - Shared memory size: 1073741824
  - Command buffer id: 1052576
  - Command buffer size: 8192
  - Hashmap size: 4194304
  - Service connected: true
  - Service working directory: Library/DataStore/
[Physics::Module] Selected backend.
[Physics::Module] Name: PhysX
[Physics::Module] Id: 0xf2b8ea05
[Physics::Module] SDK Version: 4.1.2
[Physics::Module] Integration Version: 1.0.0
[Physics::Module] Threading Mode: Multi-Threaded
Refreshing native plugins compatible for Editor in 23.35 ms, found 4 plugins.
Initialize engine version: 6000.6.0f1 (f7f8ed4d1e24)
[EntityIdStore] init: VM path (explicit commit), pageSize=4096, blockCount=1048576, entitiesPerBlock=256, slots reserved=4294967296 bytes
[Subsystems] Discovering subsystems at path C:/Program Files/Unity/Hub/Editor/6000.6.0f1/Editor/Data/Resources/UnitySubsystems
[Subsystems] Discovering subsystems at path C:/Users/Duncan Joseph/Laser Room/Assets
Forcing GfxDevice: Direct3D 12
GfxDevice: creating device client; kGfxThreadingModeNonThreaded
d3d12: failed to query info queue interface (0x80004002).
Direct3D:
    Version:         Direct3D 12 [level 12.2]
    Renderer:        NVIDIA GeForce RTX 3050 Laptop GPU (ID=0x25a2)
    Vendor:          NVIDIA
    VRAM:            3962 MB
    App VRAM Budget: 3367 MB
    Driver:          32.0.16.1047
Initialize mono
Mono path[0] = 'C:/Program Files/Unity/Hub/Editor/6000.6.0f1/Editor/Data/Managed'
Mono path[1] = 'C:/Program Files/Unity/Hub/Editor/6000.6.0f1/Editor/Data/BCLExtensions/runtime/netstandard2.1'
Mono path[2] = 'C:/Program Files/Unity/Hub/Editor/6000.6.0f1/Editor/Data/MonoBleedingEdge/lib/mono/unityjit-win32'
Mono config path = 'C:/Program Files/Unity/Hub/Editor/6000.6.0f1/Editor/Data/MonoBleedingEdge/etc'
Using monoOptions --debugger-agent=transport=dt_socket,embedding=1,server=y,suspend=n,address=127.0.0.1:56060
CodeReloadManager initialized
Begin MonoManager ReloadAssembly
Registering precompiled unity dll's ...
Register platform support module: C:/Program Files/Unity/Hub/Editor/6000.6.0f1/Editor/Data/PlaybackEngines/WebGLSupport/UnityEditor.WebGL.Extensions.dll
Register platform support module: C:/Program Files/Unity/Hub/Editor/6000.6.0f1/Editor/Data/PlaybackEngines/WindowsStandaloneSupport/UnityEditor.WindowsStandalone.Extensions.dll
Registered in 0.003951 seconds.
Native extension for WindowsStandalone target not found
Native extension for WebGL target not found
Package Manager log level set to [2]
[Package Manager] Failed to launch server process. Reason: Unity was launched with the -noUpm command-line argument
[Package Manager] Unable to send message (not connected to server process).
[Package Manager] Cannot connect to Unity Package Manager local server
ScheduleIndexationOnStartup MainProcess:False IndexOnStartup:True
Scripting: successfully reloaded assembly
- Finished resetting the current domain, in  1.272 seconds
Domain Reload Profiling: 2395ms
	BeginReloadAssembly (267ms)
	RebuildCommonClasses (8ms)
	RebuildNativeTypeToScriptingClass (31ms)
	initialDomainReloadingComplete (143ms)
	LoadAllAssembliesAndSetupDomain (672ms)
		LoadAssemblies (258ms)
		TypeCache.Refresh (466ms)
			TypeCache.ScanAssembly (441ms)
		AnalyzeDomain (1ms)
	FinalizeReload (1274ms)
		SetupLoadedEditorAssemblies (0ms)
			LogAssemblyErrors (4ms)
			InitializePlatformSupportModulesInManaged (4ms)
			BeforeProcessingInitializeOnLoad (184ms)
			ProcessInitializeOnLoadAttributes (183ms)
			ProcessInitializeOnLoadMethodAttributes (746ms)
Initializing Unity extensions:
[Licensing::Client] Successfully resolved entitlement details
[Licensing::Module] License group:
  Id: 18968501699549-UnityPersXXXX
  Product: Unity Personal
  Type: Assigned
  Expiration: Unlimited
========================================================================
Worker process is ready to serve import requests
Import Worker Mode flag is 0x00
Begin MonoManager ReloadAssembly
'Packages/com.unity.render-pipelines.core/Editor/Deprecated.cs' contains partial class of Unity.Object, exactly 1 of the partial classes needs to be in a file with the same filename. This is to know the one that can be referenced from ie. GameObjects
'Packages/com.unity.render-pipelines.core/Editor/Deprecated.cs' contains partial class of Unity.Object, exactly 1 of the partial classes needs to be in a file with the same filename. This is to know the one that can be referenced from ie. GameObjects
Refreshing native plugins compatible for Editor in 7.58 ms, found 4 plugins.
Native extension for WindowsStandalone target not found
Native extension for WebGL target not found
[Package Manager] Failed to launch server process. Reason: Unity was launched with the -noUpm command-line argument
[Package Manager] Unable to send message (not connected to server process).
[Package Manager] Cannot connect to Unity Package Manager local server
Refreshing native plugins compatible for Editor in 3.49 ms, found 4 plugins.
[Package Manager] Failed to launch server process. Reason: Unity was launched with the -noUpm command-line argument
[Package Manager] Unable to send message (not connected to server process).
[Package Manager] Cannot connect to Unity Package Manager local server
[MODES] ModeService[none].Initialize
[MODES] ModeService[none].LoadModes
[MODES] Loading mode Default (0) for mode-current-id-Traversal Gameplay
ScheduleIndexationOnStartup MainProcess:False IndexOnStartup:True
Scripting: successfully reloaded assembly
- Finished resetting the current domain, in  1.885 seconds
Domain Reload Profiling: 3912ms
	BeginReloadAssembly (391ms)
		DisableScriptedObjects (18ms)
		CreateAndSetChildDomain (56ms)
	RebuildCommonClasses (17ms)
	RebuildNativeTypeToScriptingClass (37ms)
	initialDomainReloadingComplete (134ms)
	LoadAllAssembliesAndSetupDomain (1445ms)
		LoadAssemblies (783ms)
		TypeCache.Refresh (342ms)
			TypeCache.ScanAssembly (315ms)
		AnalyzeDomain (139ms)
			BuildScriptInfoCaches (125ms)
			ResolveRequiredComponents (10ms)
	FinalizeReload (1887ms)
		SetupLoadedEditorAssemblies (0ms)
			LogAssemblyErrors (3ms)
			InitializePlatformSupportModulesInManaged (5ms)
			BeforeProcessingInitializeOnLoad (215ms)
			ProcessInitializeOnLoadAttributes (629ms)
			ProcessInitializeOnLoadMethodAttributes (386ms)
			AfterProcessingInitializeOnLoad (20ms)
			EditorAssembliesLoaded (3ms)
		AwakeInstancesAfterBackupRestoration (14ms)
AcceleratorClientConnectionCallback - disconnected - :0
Launched and connected shader compiler UnityShaderCompiler.exe after 0.04 seconds
Refreshing native plugins compatible for Editor in 4.56 ms, found 4 plugins.
Unloading 60 Unused Serialized files (Serialized files now loaded: 0)
Unloading 6994 unused Assets / (10.4 MB). Loaded Objects now: 7881.
Memory consumption went from 347.9 MB to 337.5 MB.
Total: 17.023600 ms (FindLiveObjects: 0.663400 ms CreateObjectMapping: 0.541000 ms MarkObjects: 10.831400 ms  DeleteObjects: 4.685800 ms)

========================================================================
Received Prepare
AcceleratorClientConnectionCallback - disconnected - :0
Refreshing native plugins compatible for Editor in 5.03 ms, found 4 plugins.
Unloading 60 Unused Serialized files (Serialized files now loaded: 0)
Unloading 60 unused Assets / (5.3 MB). Loaded Objects now: 7881.
Memory consumption went from 339.9 MB to 334.6 MB.
Total: 11.177800 ms (FindLiveObjects: 0.460100 ms CreateObjectMapping: 0.193700 ms MarkObjects: 7.783900 ms  DeleteObjects: 2.466300 ms)

Prepare: number of updated asset objects reloaded= 0
========================================================================
Received Import Request.
  Time of request: 2026-10-06T08:33:56.5500641Z
  Time since last request: 1056797.54036409989931 seconds.
  importAddress: GUID: c6734c95dda3ce040a660e9ea63ce2a6 - Path: Assets/LaserCorridor/LaserBeam.cs - Importer: ScriptedImporter/UnityEditor.QuickSearchModule:UnityEditor.Search:ASIAI0B
Importing 'GUID: c6734c95dda3ce040a660e9ea63ce2a6 - Path: Assets/LaserCorridor/LaserBeam.cs - Importer: ScriptedImporter/UnityEditor.QuickSearchModule:UnityEditor.Search:ASIAI0B' with importer (ScriptedImporter : UnityEditor.QuickSearchModule:UnityEditor.Search:ASIAI0B)
Imported 'GUID: c6734c95dda3ce040a660e9ea63ce2a6' -> (Import Result ID: '33a4b97d12a9594216f35937d8270e53') in 0.175 seconds [static and dynamic dependencies]. Details - ImportResultOutputID=25570b864617e28d330e1e07f4c0d858 DependenciesID=2e7fb6278540298ae51363d4d4331670 StaticDependenciesID=0e49a2ceeb9f83d5745a669e7ead09e7 
Number of updated asset objects reloaded before import = 0
Number of asset objects unloaded after import = 0
========================================================================
Received Import Request.
  Time of request: 2026-10-06T08:33:56.7492002Z
  Time since last request: 0.0033518 seconds.
  importAddress: GUID: 99c9720ab356a0642a771bea13969a05 - Path: Assets/Scenes/SampleScene.unity - Importer: ScriptedImporter/UnityEditor.QuickSearchModule:UnityEditor.Search:ASIAI0B
Importing 'GUID: 99c9720ab356a0642a771bea13969a05 - Path: Assets/Scenes/SampleScene.unity - Importer: ScriptedImporter/UnityEditor.QuickSearchModule:UnityEditor.Search:ASIAI0B' with importer (ScriptedImporter : UnityEditor.QuickSearchModule:UnityEditor.Search:ASIAI0B)
Imported 'GUID: 99c9720ab356a0642a771bea13969a05' -> (Import Result ID: 'a9017b59c55106d0fb0d9fbb2589433f') in 0.009 seconds [static and dynamic dependencies]. Details - ImportResultOutputID=3879e7bc8d875b2d2d53c97a1aa0f8af DependenciesID=a5c49222d4800583a7487eec5d253a24 StaticDependenciesID=5b2c0f15d650c69d1e71b16cb54731b9 
Number of updated asset objects reloaded before import = 0
Number of asset objects unloaded after import = 1
========================================================================
Received Import Request.
  Time of request: 2026-10-06T08:33:56.7776687Z
  Time since last request: 0.0033872 seconds.
  importAddress: GUID: c8b6122c782f7b44e8bf8ccd20e736c4 - Path: Assets/Player.cs - Importer: ScriptedImporter/UnityEditor.QuickSearchModule:UnityEditor.Search:ASIAI0B
Importing 'GUID: c8b6122c782f7b44e8bf8ccd20e736c4 - Path: Assets/Player.cs - Importer: ScriptedImporter/UnityEditor.QuickSearchModule:UnityEditor.Search:ASIAI0B' with importer (ScriptedImporter : UnityEditor.QuickSearchModule:UnityEditor.Search:ASIAI0B)
Imported 'GUID: c8b6122c782f7b44e8bf8ccd20e736c4' -> (Import Result ID: 'f3b5b765919b62d22dd4cb54dc51c4df') in 0.003 seconds [static and dynamic dependencies]. Details - ImportResultOutputID=74b953f2847f8a26c3ce46b95ad67f88 DependenciesID=1519477c80e6834682edf4b969af8f06 StaticDependenciesID=9ccb8d9d4c4a2e2628d038893a0955cb 
Number of updated asset objects reloaded before import = 0
Number of asset objects unloaded after import = 0
========================================================================
Received Import Request.
  Time of request: 2026-10-06T08:33:56.7997266Z
  Time since last request: 0.0015295 seconds.
  importAddress: GUID: 1fae4acb5442993448d49e88d29edf0c - Path: Assets/LaserCorridor/LaserSpawner.cs - Importer: ScriptedImporter/UnityEditor.QuickSearchModule:UnityEditor.Search:ASIAI0B
Importing 'GUID: 1fae4acb5442993448d49e88d29edf0c - Path: Assets/LaserCorridor/LaserSpawner.cs - Importer: ScriptedImporter/UnityEditor.QuickSearchModule:UnityEditor.Search:ASIAI0B' with importer (ScriptedImporter : UnityEditor.QuickSearchModule:UnityEditor.Search:ASIAI0B)
Imported 'GUID: 1fae4acb5442993448d49e88d29edf0c' -> (Import Result ID: '30da61b80431a91dfccbf63c8af17588') in 0.004 seconds [static and dynamic dependencies]. Details - ImportResultOutputID=ba95264555aa596fc385d2aba1119474 DependenciesID=bc5593a101a148d256fbdd6b0ebb34ed StaticDependenciesID=3e52991aa0a9a59f4ac1c83a4e853df1 
Number of updated asset objects reloaded before import = 0
Number of asset objects unloaded after import = 0
========================================================================
Received Import Request.
  Time of request: 2026-10-06T08:33:56.8232958Z
  Time since last request: 0.0011226 seconds.
  importAddress: GUID: b3901b077d3f2764f90b79133bc264ae - Path: Assets/LaserCorridor/Editor/ResidentEvilCorridorBuilder.cs - Importer: ScriptedImporter/UnityEditor.QuickSearchModule:UnityEditor.Search:ASIAI0B
Importing 'GUID: b3901b077d3f2764f90b79133bc264ae - Path: Assets/LaserCorridor/Editor/ResidentEvilCorridorBuilder.cs - Importer: ScriptedImporter/UnityEditor.QuickSearchModule:UnityEditor.Search:ASIAI0B' with importer (ScriptedImporter : UnityEditor.QuickSearchModule:UnityEditor.Search:ASIAI0B)
Imported 'GUID: b3901b077d3f2764f90b79133bc264ae' -> (Import Result ID: 'c2e5d5f5c88a7649844918b0fea9c7dd') in 0.004 seconds [static and dynamic dependencies]. Details - ImportResultOutputID=0ebc420c1c6b25666490fd049a84c5ae DependenciesID=280a0083fc7f4654b6bf68ee394db35e StaticDependenciesID=30aac3c6a1cee40760cfa588db8147da 
Number of updated asset objects reloaded before import = 0
Number of asset objects unloaded after import = 0
========================================================================
Received Import Request.
  Time of request: 2026-10-06T08:35:13.1120826Z
  Time since last request: 76.2680474 seconds.
  importAddress: GUID: 69ab7aea055b98047977082d42a818e2 - Path: Assets/New Material 3.mat - Importer: PreviewImporter
Importing 'GUID: 69ab7aea055b98047977082d42a818e2 - Path: Assets/New Material 3.mat - Importer: PreviewImporter' with importer (PreviewImporter)
Imported 'GUID: 69ab7aea055b98047977082d42a818e2' -> (Import Result ID: 'bf99a842af0d2b11a0e0dd501585a4d0') in 0.664 seconds [static and dynamic dependencies]. Details - ImportResultOutputID=8b8d177d8db51b1c4b476f5443b31832 DependenciesID=f4d6d995f8c3515b0fabd1a760dcd097 StaticDependenciesID=36b1444856b19905be91877fa19ebed7 
Number of updated asset objects reloaded before import = 0
Number of asset objects unloaded after import = 3
========================================================================
Received Prepare
AcceleratorClientConnectionCallback - disconnected - :0
[Licensing::Client] Successfully resolved entitlement details
Begin MonoManager ReloadAssembly
'Packages/com.unity.render-pipelines.core/Editor/Deprecated.cs' contains partial class of Unity.Object, exactly 1 of the partial classes needs to be in a file with the same filename. This is to know the one that can be referenced from ie. GameObjects
'Packages/com.unity.render-pipelines.core/Editor/Deprecated.cs' contains partial class of Unity.Object, exactly 1 of the partial classes needs to be in a file with the same filename. This is to know the one that can be referenced from ie. GameObjects
Refreshing native plugins compatible for Editor in 12.34 ms, found 4 plugins.
Native extension for WindowsStandalone target not found
Native extension for WebGL target not found
[Package Manager] Failed to launch server process. Reason: Unity was launched with the -noUpm command-line argument
[Package Manager] Unable to send message (not connected to server process).
[Package Manager] Cannot connect to Unity Package Manager local server
[Package Manager] Failed to launch server process. Reason: Unity was launched with the -noUpm command-line argument
[Package Manager] Unable to send message (not connected to server process).
[Package Manager] Cannot connect to Unity Package Manager local server
[MODES] ModeService[none].Initialize
[MODES] ModeService[none].LoadModes
ScheduleIndexationOnStartup MainProcess:False IndexOnStartup:True
Scripting: successfully reloaded assembly
- Finished resetting the current domain, in  2.058 seconds
Domain Reload Profiling: 9458ms
	BeginReloadAssembly (3638ms)
		ExecutionOrderSort (19ms)
		DisableScriptedObjects (577ms)
		ReleaseScriptingObjects (6ms)
		CreateAndSetChildDomain (533ms)
	RebuildCommonClasses (26ms)
	RebuildNativeTypeToScriptingClass (46ms)
	initialDomainReloadingComplete (306ms)
	LoadAllAssembliesAndSetupDomain (3382ms)
		LoadAssemblies (2495ms)
		TypeCache.Refresh (71ms)
		AnalyzeDomain (658ms)
			BuildScriptInfoCaches (605ms)
			ResolveRequiredComponents (21ms)
	FinalizeReload (2060ms)
		SetupLoadedEditorAssemblies (0ms)
			LogAssemblyErrors (17ms)
			InitializePlatformSupportModulesInManaged (4ms)
			BeforeProcessingInitializeOnLoad (275ms)
			ProcessInitializeOnLoadAttributes (541ms)
			ProcessInitializeOnLoadMethodAttributes (210ms)
			AfterProcessingInitializeOnLoad (21ms)
			EditorAssembliesLoaded (5ms)
		AwakeInstancesAfterBackupRestoration (50ms)
Refreshing native plugins compatible for Editor in 24.47 ms, found 4 plugins.
Unloading 60 Unused Serialized files (Serialized files now loaded: 0)
Unloading 6992 unused Assets / (9.2 MB). Loaded Objects now: 7996.
Memory consumption went from 369.6 MB to 360.4 MB.
Total: 40.287600 ms (FindLiveObjects: 1.274800 ms CreateObjectMapping: 1.230100 ms MarkObjects: 30.466800 ms  DeleteObjects: 6.863400 ms)

Prepare: number of updated asset objects reloaded= 0
========================================================================
Received Prepare
AcceleratorClientConnectionCallback - disconnected - :0
[Licensing::Client] Successfully resolved entitlement details
Begin MonoManager ReloadAssembly
'Packages/com.unity.render-pipelines.core/Editor/Deprecated.cs' contains partial class of Unity.Object, exactly 1 of the partial classes needs to be in a file with the same filename. This is to know the one that can be referenced from ie. GameObjects
'Packages/com.unity.render-pipelines.core/Editor/Deprecated.cs' contains partial class of Unity.Object, exactly 1 of the partial classes needs to be in a file with the same filename. This is to know the one that can be referenced from ie. GameObjects
Refreshing native plugins compatible for Editor in 9.08 ms, found 4 plugins.
Native extension for WindowsStandalone target not found
Native extension for WebGL target not found
[Package Manager] Failed to launch server process. Reason: Unity was launched with the -noUpm command-line argument
[Package Manager] Unable to send message (not connected to server process).
[Package Manager] Cannot connect to Unity Package Manager local server
[Package Manager] Failed to launch server process. Reason: Unity was launched with the -noUpm command-line argument
[Package Manager] Unable to send message (not connected to server process).
[Package Manager] Cannot connect to Unity Package Manager local server
[MODES] ModeService[none].Initialize
[MODES] ModeService[none].LoadModes
ScheduleIndexationOnStartup MainProcess:False IndexOnStartup:True
Scripting: successfully reloaded assembly
- Finished resetting the current domain, in  1.578 seconds
Domain Reload Profiling: 9119ms
	BeginReloadAssembly (2535ms)
		ExecutionOrderSort (6ms)
		DisableScriptedObjects (213ms)
		ReleaseScriptingObjects (5ms)
		CreateAndSetChildDomain (467ms)
	RebuildCommonClasses (18ms)
	RebuildNativeTypeToScriptingClass (191ms)
	initialDomainReloadingComplete (404ms)
	LoadAllAssembliesAndSetupDomain (4391ms)
		LoadAssemblies (4330ms)
		TypeCache.Refresh (43ms)
		AnalyzeDomain (544ms)
			BuildScriptInfoCaches (522ms)
			ResolveRequiredComponents (11ms)
	FinalizeReload (1581ms)
		SetupLoadedEditorAssemblies (0ms)
			LogAssemblyErrors (4ms)
			InitializePlatformSupportModulesInManaged (5ms)
			BeforeProcessingInitializeOnLoad (259ms)
			ProcessInitializeOnLoadAttributes (533ms)
			ProcessInitializeOnLoadMethodAttributes (221ms)
			AfterProcessingInitializeOnLoad (19ms)
			EditorAssembliesLoaded (4ms)
		AwakeInstancesAfterBackupRestoration (51ms)
Refreshing native plugins compatible for Editor in 6.29 ms, found 4 plugins.
Unloading 60 Unused Serialized files (Serialized files now loaded: 0)
Unloading 6992 unused Assets / (9.0 MB). Loaded Objects now: 7999.
Memory consumption went from 372.8 MB to 363.9 MB.
Total: 20.464700 ms (FindLiveObjects: 0.817200 ms CreateObjectMapping: 0.486400 ms MarkObjects: 13.602100 ms  DeleteObjects: 5.162800 ms)

Prepare: number of updated asset objects reloaded= 0
========================================================================
Received Prepare
AcceleratorClientConnectionCallback - disconnected - :0
[Licensing::Client] Successfully resolved entitlement details
Begin MonoManager ReloadAssembly
'Packages/com.unity.render-pipelines.core/Editor/Deprecated.cs' contains partial class of Unity.Object, exactly 1 of the partial classes needs to be in a file with the same filename. This is to know the one that can be referenced from ie. GameObjects
'Packages/com.unity.render-pipelines.core/Editor/Deprecated.cs' contains partial class of Unity.Object, exactly 1 of the partial classes needs to be in a file with the same filename. This is to know the one that can be referenced from ie. GameObjects
Refreshing native plugins compatible for Editor in 8.12 ms, found 4 plugins.
Native extension for WindowsStandalone target not found
Native extension for WebGL target not found
[Package Manager] Failed to launch server process. Reason: Unity was launched with the -noUpm command-line argument
[Package Manager] Unable to send message (not connected to server process).
[Package Manager] Cannot connect to Unity Package Manager local server
[Package Manager] Failed to launch server process. Reason: Unity was launched with the -noUpm command-line argument
[Package Manager] Unable to send message (not connected to server process).
[Package Manager] Cannot connect to Unity Package Manager local server
[MODES] ModeService[none].Initialize
[MODES] ModeService[none].LoadModes
ScheduleIndexationOnStartup MainProcess:False IndexOnStartup:True
Scripting: successfully reloaded assembly
- Finished resetting the current domain, in  1.661 seconds
Domain Reload Profiling: 6216ms
	BeginReloadAssembly (1743ms)
		ExecutionOrderSort (6ms)
		DisableScriptedObjects (202ms)
		ReleaseScriptingObjects (6ms)
		CreateAndSetChildDomain (338ms)
	RebuildCommonClasses (20ms)
	RebuildNativeTypeToScriptingClass (37ms)
	initialDomainReloadingComplete (205ms)
	LoadAllAssembliesAndSetupDomain (2548ms)
		LoadAssemblies (1956ms)
		TypeCache.Refresh (45ms)
		AnalyzeDomain (529ms)
			BuildScriptInfoCaches (509ms)
			ResolveRequiredComponents (10ms)
	FinalizeReload (1663ms)
		SetupLoadedEditorAssemblies (0ms)
			LogAssemblyErrors (4ms)
			InitializePlatformSupportModulesInManaged (4ms)
			BeforeProcessingInitializeOnLoad (257ms)
			ProcessInitializeOnLoadAttributes (556ms)
			ProcessInitializeOnLoadMethodAttributes (225ms)
			AfterProcessingInitializeOnLoad (23ms)
			EditorAssembliesLoaded (3ms)
		AwakeInstancesAfterBackupRestoration (64ms)
Refreshing native plugins compatible for Editor in 4.93 ms, found 4 plugins.
Unloading 60 Unused Serialized files (Serialized files now loaded: 0)
Unloading 6993 unused Assets / (8.5 MB). Loaded Objects now: 8003.
Memory consumption went from 375.5 MB to 366.9 MB.
Total: 23.720800 ms (FindLiveObjects: 1.278200 ms CreateObjectMapping: 1.045900 ms MarkObjects: 15.213200 ms  DeleteObjects: 5.572600 ms)

Prepare: number of updated asset objects reloaded= 0
========================================================================
Received Prepare
AcceleratorClientConnectionCallback - disconnected - :0
[Licensing::Client] Successfully resolved entitlement details
Begin MonoManager ReloadAssembly
'Packages/com.unity.render-pipelines.core/Editor/Deprecated.cs' contains partial class of Unity.Object, exactly 1 of the partial classes needs to be in a file with the same filename. This is to know the one that can be referenced from ie. GameObjects
'Packages/com.unity.render-pipelines.core/Editor/Deprecated.cs' contains partial class of Unity.Object, exactly 1 of the partial classes needs to be in a file with the same filename. This is to know the one that can be referenced from ie. GameObjects
Refreshing native plugins compatible for Editor in 10.32 ms, found 4 plugins.
Native extension for WindowsStandalone target not found
Native extension for WebGL target not found
[Package Manager] Failed to launch server process. Reason: Unity was launched with the -noUpm command-line argument
[Package Manager] Unable to send message (not connected to server process).
[Package Manager] Cannot connect to Unity Package Manager local server
[Package Manager] Failed to launch server process. Reason: Unity was launched with the -noUpm command-line argument
[Package Manager] Unable to send message (not connected to server process).
[Package Manager] Cannot connect to Unity Package Manager local server
[MODES] ModeService[none].Initialize
[MODES] ModeService[none].LoadModes
ScheduleIndexationOnStartup MainProcess:False IndexOnStartup:True
Scripting: successfully reloaded assembly
- Finished resetting the current domain, in  1.636 seconds
Domain Reload Profiling: 5586ms
	BeginReloadAssembly (1719ms)
		ExecutionOrderSort (9ms)
		DisableScriptedObjects (156ms)
		ReleaseScriptingObjects (7ms)
		CreateAndSetChildDomain (370ms)
	RebuildCommonClasses (15ms)
	RebuildNativeTypeToScriptingClass (24ms)
	initialDomainReloadingComplete (244ms)
	LoadAllAssembliesAndSetupDomain (1946ms)
		LoadAssemblies (1361ms)
		TypeCache.Refresh (45ms)
		AnalyzeDomain (516ms)
			BuildScriptInfoCaches (488ms)
			ResolveRequiredComponents (15ms)
	FinalizeReload (1638ms)
		SetupLoadedEditorAssemblies (0ms)
			LogAssemblyErrors (4ms)
			InitializePlatformSupportModulesInManaged (6ms)
			BeforeProcessingInitializeOnLoad (227ms)
			ProcessInitializeOnLoadAttributes (479ms)
			ProcessInitializeOnLoadMethodAttributes (194ms)
			AfterProcessingInitializeOnLoad (18ms)
			EditorAssembliesLoaded (4ms)
		AwakeInstancesAfterBackupRestoration (51ms)
Refreshing native plugins compatible for Editor in 5.41 ms, found 4 plugins.
Unloading 60 Unused Serialized files (Serialized files now loaded: 0)
Unloading 6993 unused Assets / (8.8 MB). Loaded Objects now: 8006.
Memory consumption went from 380.6 MB to 371.7 MB.
Total: 18.335000 ms (FindLiveObjects: 1.229000 ms CreateObjectMapping: 0.663800 ms MarkObjects: 12.235700 ms  DeleteObjects: 3.956900 ms)

Prepare: number of updated asset objects reloaded= 0
========================================================================
Received Prepare
AcceleratorClientConnectionCallback - disconnected - :0
[Licensing::Client] Successfully resolved entitlement details
Begin MonoManager ReloadAssembly
'Packages/com.unity.render-pipelines.core/Editor/Deprecated.cs' contains partial class of Unity.Object, exactly 1 of the partial classes needs to be in a file with the same filename. This is to know the one that can be referenced from ie. GameObjects
'Packages/com.unity.render-pipelines.core/Editor/Deprecated.cs' contains partial class of Unity.Object, exactly 1 of the partial classes needs to be in a file with the same filename. This is to know the one that can be referenced from ie. GameObjects
Refreshing native plugins compatible for Editor in 20.00 ms, found 4 plugins.
Native extension for WindowsStandalone target not found
Native extension for WebGL target not found
[Package Manager] Failed to launch server process. Reason: Unity was launched with the -noUpm command-line argument
[Package Manager] Unable to send message (not connected to server process).
[Package Manager] Cannot connect to Unity Package Manager local server
[Package Manager] Failed to launch server process. Reason: Unity was launched with the -noUpm command-line argument
[Package Manager] Unable to send message (not connected to server process).
[Package Manager] Cannot connect to Unity Package Manager local server
[MODES] ModeService[none].Initialize
[MODES] ModeService[none].LoadModes
ScheduleIndexationOnStartup MainProcess:False IndexOnStartup:True
Scripting: successfully reloaded assembly
- Finished resetting the current domain, in  1.409 seconds
Domain Reload Profiling: 5299ms
	BeginReloadAssembly (1721ms)
		ExecutionOrderSort (6ms)
		DisableScriptedObjects (184ms)
		ReleaseScriptingObjects (5ms)
		CreateAndSetChildDomain (450ms)
	RebuildCommonClasses (12ms)
	RebuildNativeTypeToScriptingClass (24ms)
	initialDomainReloadingComplete (149ms)
	LoadAllAssembliesAndSetupDomain (1983ms)
		LoadAssemblies (1421ms)
		TypeCache.Refresh (37ms)
		AnalyzeDomain (356ms)
			BuildScriptInfoCaches (333ms)
			ResolveRequiredComponents (10ms)
	FinalizeReload (1410ms)
		SetupLoadedEditorAssemblies (0ms)
			LogAssemblyErrors (7ms)
			InitializePlatformSupportModulesInManaged (3ms)
			BeforeProcessingInitializeOnLoad (176ms)
			ProcessInitializeOnLoadAttributes (458ms)
			ProcessInitializeOnLoadMethodAttributes (180ms)
			AfterProcessingInitializeOnLoad (13ms)
			EditorAssembliesLoaded (3ms)
		AwakeInstancesAfterBackupRestoration (38ms)
Refreshing native plugins compatible for Editor in 4.37 ms, found 4 plugins.
Unloading 60 Unused Serialized files (Serialized files now loaded: 0)
Unloading 6993 unused Assets / (9.1 MB). Loaded Objects now: 8009.
Memory consumption went from 386.1 MB to 377.0 MB.
Total: 15.908300 ms (FindLiveObjects: 0.830600 ms CreateObjectMapping: 0.774700 ms MarkObjects: 10.073200 ms  DeleteObjects: 3.952300 ms)

Prepare: number of updated asset objects reloaded= 0
========================================================================
Received Prepare
AcceleratorClientConnectionCallback - disconnected - :0
[Licensing::Client] Successfully resolved entitlement details
Begin MonoManager ReloadAssembly
'Packages/com.unity.render-pipelines.core/Editor/Deprecated.cs' contains partial class of Unity.Object, exactly 1 of the partial classes needs to be in a file with the same filename. This is to know the one that can be referenced from ie. GameObjects
'Packages/com.unity.render-pipelines.core/Editor/Deprecated.cs' contains partial class of Unity.Object, exactly 1 of the partial classes needs to be in a file with the same filename. This is to know the one that can be referenced from ie. GameObjects
Refreshing native plugins compatible for Editor in 8.96 ms, found 4 plugins.
Native extension for WindowsStandalone target not found
Native extension for WebGL target not found
[Package Manager] Failed to launch server process. Reason: Unity was launched with the -noUpm command-line argument
[Package Manager] Unable to send message (not connected to server process).
[Package Manager] Cannot connect to Unity Package Manager local server
[Package Manager] Failed to launch server process. Reason: Unity was launched with the -noUpm command-line argument
[Package Manager] Unable to send message (not connected to server process).
[Package Manager] Cannot connect to Unity Package Manager local server
[MODES] ModeService[none].Initialize
[MODES] ModeService[none].LoadModes
ScheduleIndexationOnStartup MainProcess:False IndexOnStartup:True
Scripting: successfully reloaded assembly
- Finished resetting the current domain, in  1.636 seconds
Domain Reload Profiling: 5488ms
	BeginReloadAssembly (1729ms)
		ExecutionOrderSort (7ms)
		DisableScriptedObjects (236ms)
		ReleaseScriptingObjects (4ms)
		CreateAndSetChildDomain (387ms)
	RebuildCommonClasses (18ms)
	RebuildNativeTypeToScriptingClass (27ms)
	initialDomainReloadingComplete (224ms)
	LoadAllAssembliesAndSetupDomain (1852ms)
		LoadAssemblies (1444ms)
		TypeCache.Refresh (40ms)
		AnalyzeDomain (372ms)
			BuildScriptInfoCaches (351ms)
			ResolveRequiredComponents (10ms)
	FinalizeReload (1637ms)
		SetupLoadedEditorAssemblies (0ms)
			LogAssemblyErrors (4ms)
			InitializePlatformSupportModulesInManaged (5ms)
			BeforeProcessingInitializeOnLoad (250ms)
			ProcessInitializeOnLoadAttributes (576ms)
			ProcessInitializeOnLoadMethodAttributes (216ms)
			AfterProcessingInitializeOnLoad (19ms)
			EditorAssembliesLoaded (4ms)
		AwakeInstancesAfterBackupRestoration (50ms)
Refreshing native plugins compatible for Editor in 5.94 ms, found 4 plugins.
Unloading 60 Unused Serialized files (Serialized files now loaded: 0)
Unloading 6993 unused Assets / (8.5 MB). Loaded Objects now: 8012.
Memory consumption went from 391.9 MB to 383.4 MB.
Total: 21.506100 ms (FindLiveObjects: 0.793800 ms CreateObjectMapping: 0.569600 ms MarkObjects: 14.035400 ms  DeleteObjects: 5.836900 ms)

Prepare: number of updated asset objects reloaded= 0
========================================================================
Received Prepare
AcceleratorClientConnectionCallback - disconnected - :0
Refreshing native plugins compatible for Editor in 5.30 ms, found 4 plugins.
Unloading 60 Unused Serialized files (Serialized files now loaded: 0)
Unloading 60 unused Assets / (5.2 MB). Loaded Objects now: 8012.
Memory consumption went from 389.6 MB to 384.4 MB.
Total: 136.945400 ms (FindLiveObjects: 2.807600 ms CreateObjectMapping: 1.887500 ms MarkObjects: 127.903700 ms  DeleteObjects: 3.380500 ms)

Prepare: number of updated asset objects reloaded= 0
Editor requested this worker to shutdown with reason: Editor is closing down
AcceleratorClientConnectionCallback - disconnected - :0
Curl error 42: Callback aborted
AssetImportWorker is now disconnected from the server
Process exiting
[ExitDontLaunchBugReporter] Exiting without the bug reporter. Application will exit with return code 0
